// Jest Snapshot v1, https://goo.gl/fbAQLP

exports[`can handle _ prefixed names 1`] = `
Object {
  "EventResults._embedded": Object {
    "fields": Object {
      "events": Object {
        "count": 1,
        "enum": null,
        "identity": false,
        "length": 1,
        "nullable": false,
        "type": "Array",
        "typeRef": "EventResults._embedded.events",
        "typeRelationship": "one-to-many",
        "typeSummary": Object {
          "count": 1,
          "length": Object {
            "max": 1,
            "mean": 1,
            "min": 1,
            "p25": 1,
            "p33": 1,
            "p50": 1,
            "p66": 1,
            "p75": 1,
            "p99": 1,
          },
        },
        "unique": false,
      },
    },
    "nestedTypes": Object {},
    "schemaName": "EventResults._embedded",
    "totalRows": 1,
  },
  "EventResults._embedded.events": Object {
    "fields": Object {
      "_embedded": Object {
        "count": 1,
        "enum": null,
        "identity": false,
        "nullable": false,
        "type": "Object",
        "typeRef": "EventResults._embedded.events._embedded",
        "typeRelationship": "one-to-one",
        "typeSummary": Object {
          "count": 1,
        },
        "unique": false,
      },
      "_links": Object {
        "count": 1,
        "enum": null,
        "identity": false,
        "nullable": false,
        "type": "Object",
        "typeRef": "EventResults._embedded.events._links",
        "typeRelationship": "one-to-one",
        "typeSummary": Object {
          "count": 1,
        },
        "unique": false,
      },
      "classifications": Object {
        "count": 1,
        "enum": null,
        "identity": false,
        "length": 1,
        "nullable": false,
        "type": "Array",
        "typeRef": "classifications",
        "typeRelationship": "one-to-many",
        "typeSummary": Object {
          "count": 1,
          "length": Object {
            "max": 1,
            "mean": 1,
            "min": 1,
            "p25": 1,
            "p33": 1,
            "p50": 1,
            "p66": 1,
            "p75": 1,
            "p99": 1,
          },
        },
        "unique": false,
      },
      "dates": Object {
        "count": 1,
        "enum": null,
        "identity": false,
        "nullable": false,
        "type": "Object",
        "typeRef": "EventResults._embedded.events.dates",
        "typeRelationship": "one-to-one",
        "typeSummary": Object {
          "count": 1,
        },
        "unique": false,
      },
      "id": Object {
        "count": 1,
        "enum": null,
        "identity": false,
        "length": 14,
        "nullable": false,
        "type": "String",
        "typeRef": undefined,
        "typeRelationship": undefined,
        "typeSummary": Object {
          "count": 1,
          "length": Object {
            "max": 14,
            "mean": 14,
            "min": 14,
            "p25": 14,
            "p33": 14,
            "p50": 14,
            "p66": 14,
            "p75": 14,
            "p99": 14,
          },
        },
        "unique": true,
      },
      "images": Object {
        "count": 1,
        "enum": null,
        "identity": false,
        "length": 10,
        "nullable": false,
        "type": "Array",
        "typeRef": "images",
        "typeRelationship": "one-to-many",
        "typeSummary": Object {
          "count": 1,
          "length": Object {
            "max": 10,
            "mean": 10,
            "min": 10,
            "p25": 10,
            "p33": 10,
            "p50": 10,
            "p66": 10,
            "p75": 10,
            "p99": 10,
          },
        },
        "unique": false,
      },
      "locale": Object {
        "count": 1,
        "enum": null,
        "identity": false,
        "length": 5,
        "nullable": false,
        "type": "String",
        "typeRef": undefined,
        "typeRelationship": undefined,
        "typeSummary": Object {
          "count": 1,
          "length": Object {
            "max": 5,
            "mean": 5,
            "min": 5,
            "p25": 5,
            "p33": 5,
            "p50": 5,
            "p66": 5,
            "p75": 5,
            "p99": 5,
          },
        },
        "unique": true,
      },
      "name": Object {
        "count": 1,
        "enum": null,
        "identity": false,
        "length": 41,
        "nullable": false,
        "type": "String",
        "typeRef": undefined,
        "typeRelationship": undefined,
        "typeSummary": Object {
          "count": 1,
          "length": Object {
            "max": 41,
            "mean": 41,
            "min": 41,
            "p25": 41,
            "p33": 41,
            "p50": 41,
            "p66": 41,
            "p75": 41,
            "p99": 41,
          },
        },
        "unique": true,
      },
      "promoter": Object {
        "count": 1,
        "enum": null,
        "identity": false,
        "nullable": false,
        "type": "Object",
        "typeRef": "EventResults._embedded.events.promoter",
        "typeRelationship": "one-to-one",
        "typeSummary": Object {
          "count": 1,
        },
        "unique": false,
      },
      "sales": Object {
        "count": 1,
        "enum": null,
        "identity": false,
        "nullable": false,
        "type": "Object",
        "typeRef": "EventResults._embedded.events.sales",
        "typeRelationship": "one-to-one",
        "typeSummary": Object {
          "count": 1,
        },
        "unique": false,
      },
      "test": Object {
        "count": 1,
        "enum": null,
        "identity": false,
        "nullable": false,
        "type": "Boolean",
        "typeRef": undefined,
        "typeRelationship": undefined,
        "typeSummary": Object {
          "count": 1,
        },
        "unique": false,
      },
      "type": Object {
        "count": 1,
        "enum": null,
        "identity": false,
        "length": 5,
        "nullable": false,
        "type": "String",
        "typeRef": undefined,
        "typeRelationship": undefined,
        "typeSummary": Object {
          "count": 1,
          "length": Object {
            "max": 5,
            "mean": 5,
            "min": 5,
            "p25": 5,
            "p33": 5,
            "p50": 5,
            "p66": 5,
            "p75": 5,
            "p99": 5,
          },
        },
        "unique": true,
      },
      "url": Object {
        "count": 1,
        "enum": null,
        "identity": false,
        "length": 46,
        "nullable": false,
        "type": "String",
        "typeRef": undefined,
        "typeRelationship": undefined,
        "typeSummary": Object {
          "count": 1,
          "length": Object {
            "max": 46,
            "mean": 46,
            "min": 46,
            "p25": 46,
            "p33": 46,
            "p50": 46,
            "p66": 46,
            "p75": 46,
            "p99": 46,
          },
        },
        "unique": true,
      },
    },
    "nestedTypes": Object {},
    "schemaName": "EventResults._embedded.events",
    "totalRows": 1,
  },
  "EventResults._embedded.events._embedded": Object {
    "fields": Object {
      "attractions": Object {
        "count": 1,
        "enum": null,
        "identity": false,
        "length": 1,
        "nullable": false,
        "type": "Array",
        "typeRef": "EventResults._embedded.events._embedded.attractions",
        "typeRelationship": "one-to-many",
        "typeSummary": Object {
          "count": 1,
          "length": Object {
            "max": 1,
            "mean": 1,
            "min": 1,
            "p25": 1,
            "p33": 1,
            "p50": 1,
            "p66": 1,
            "p75": 1,
            "p99": 1,
          },
        },
        "unique": false,
      },
      "venues": Object {
        "count": 1,
        "enum": null,
        "identity": false,
        "length": 1,
        "nullable": false,
        "type": "Array",
        "typeRef": "EventResults._embedded.events._embedded.venues",
        "typeRelationship": "one-to-many",
        "typeSummary": Object {
          "count": 1,
          "length": Object {
            "max": 1,
            "mean": 1,
            "min": 1,
            "p25": 1,
            "p33": 1,
            "p50": 1,
            "p66": 1,
            "p75": 1,
            "p99": 1,
          },
        },
        "unique": false,
      },
    },
    "nestedTypes": Object {},
    "schemaName": "EventResults._embedded.events._embedded",
    "totalRows": 1,
  },
  "EventResults._embedded.events._embedded.attractions": Object {
    "fields": Object {
      "_links": Object {
        "count": 1,
        "enum": null,
        "identity": false,
        "nullable": false,
        "type": "Object",
        "typeRef": "_links",
        "typeRelationship": "one-to-one",
        "typeSummary": Object {
          "count": 1,
        },
        "unique": false,
      },
      "classifications": Object {
        "count": 1,
        "enum": null,
        "identity": false,
        "length": 1,
        "nullable": false,
        "type": "Array",
        "typeRef": "classifications",
        "typeRelationship": "one-to-many",
        "typeSummary": Object {
          "count": 1,
          "length": Object {
            "max": 1,
            "mean": 1,
            "min": 1,
            "p25": 1,
            "p33": 1,
            "p50": 1,
            "p66": 1,
            "p75": 1,
            "p99": 1,
          },
        },
        "unique": false,
      },
      "id": Object {
        "count": 1,
        "enum": null,
        "identity": false,
        "length": 11,
        "nullable": false,
        "type": "String",
        "typeRef": undefined,
        "typeRelationship": undefined,
        "typeSummary": Object {
          "count": 1,
          "length": Object {
            "max": 11,
            "mean": 11,
            "min": 11,
            "p25": 11,
            "p33": 11,
            "p50": 11,
            "p66": 11,
            "p75": 11,
            "p99": 11,
          },
        },
        "unique": true,
      },
      "images": Object {
        "count": 1,
        "enum": null,
        "identity": false,
        "length": 10,
        "nullable": false,
        "type": "Array",
        "typeRef": "images",
        "typeRelationship": "one-to-many",
        "typeSummary": Object {
          "count": 1,
          "length": Object {
            "max": 10,
            "mean": 10,
            "min": 10,
            "p25": 10,
            "p33": 10,
            "p50": 10,
            "p66": 10,
            "p75": 10,
            "p99": 10,
          },
        },
        "unique": false,
      },
      "locale": Object {
        "count": 1,
        "enum": null,
        "identity": false,
        "length": 5,
        "nullable": false,
        "type": "String",
        "typeRef": undefined,
        "typeRelationship": undefined,
        "typeSummary": Object {
          "count": 1,
          "length": Object {
            "max": 5,
            "mean": 5,
            "min": 5,
            "p25": 5,
            "p33": 5,
            "p50": 5,
            "p66": 5,
            "p75": 5,
            "p99": 5,
          },
        },
        "unique": true,
      },
      "name": Object {
        "count": 1,
        "enum": null,
        "identity": false,
        "length": 21,
        "nullable": false,
        "type": "String",
        "typeRef": undefined,
        "typeRelationship": undefined,
        "typeSummary": Object {
          "count": 1,
          "length": Object {
            "max": 21,
            "mean": 21,
            "min": 21,
            "p25": 21,
            "p33": 21,
            "p50": 21,
            "p66": 21,
            "p75": 21,
            "p99": 21,
          },
        },
        "unique": true,
      },
      "test": Object {
        "count": 1,
        "enum": null,
        "identity": false,
        "nullable": false,
        "type": "Boolean",
        "typeRef": undefined,
        "typeRelationship": undefined,
        "typeSummary": Object {
          "count": 1,
        },
        "unique": false,
      },
      "type": Object {
        "count": 1,
        "enum": null,
        "identity": false,
        "length": 10,
        "nullable": false,
        "type": "String",
        "typeRef": undefined,
        "typeRelationship": undefined,
        "typeSummary": Object {
          "count": 1,
          "length": Object {
            "max": 10,
            "mean": 10,
            "min": 10,
            "p25": 10,
            "p33": 10,
            "p50": 10,
            "p66": 10,
            "p75": 10,
            "p99": 10,
          },
        },
        "unique": true,
      },
    },
    "nestedTypes": Object {},
    "schemaName": "EventResults._embedded.events._embedded.attractions",
    "totalRows": 1,
  },
  "EventResults._embedded.events._embedded.venues": Object {
    "fields": Object {
      "_links": Object {
        "count": 1,
        "enum": null,
        "identity": false,
        "nullable": false,
        "type": "Object",
        "typeRef": "_links",
        "typeRelationship": "one-to-one",
        "typeSummary": Object {
          "count": 1,
        },
        "unique": false,
      },
      "address": Object {
        "count": 1,
        "enum": null,
        "identity": false,
        "nullable": false,
        "type": "Object",
        "typeRef": "EventResults._embedded.events._embedded.venues.address",
        "typeRelationship": "one-to-one",
        "typeSummary": Object {
          "count": 1,
        },
        "unique": false,
      },
      "city": Object {
        "count": 1,
        "enum": null,
        "identity": false,
        "nullable": false,
        "type": "Object",
        "typeRef": "EventResults._embedded.events._embedded.venues.city",
        "typeRelationship": "one-to-one",
        "typeSummary": Object {
          "count": 1,
        },
        "unique": false,
      },
      "country": Object {
        "count": 1,
        "enum": null,
        "identity": false,
        "nullable": false,
        "type": "Object",
        "typeRef": "EventResults._embedded.events._embedded.venues.country",
        "typeRelationship": "one-to-one",
        "typeSummary": Object {
          "count": 1,
        },
        "unique": false,
      },
      "id": Object {
        "count": 1,
        "enum": null,
        "identity": false,
        "length": 12,
        "nullable": false,
        "type": "String",
        "typeRef": undefined,
        "typeRelationship": undefined,
        "typeSummary": Object {
          "count": 1,
          "length": Object {
            "max": 12,
            "mean": 12,
            "min": 12,
            "p25": 12,
            "p33": 12,
            "p50": 12,
            "p66": 12,
            "p75": 12,
            "p99": 12,
          },
        },
        "unique": true,
      },
      "locale": Object {
        "count": 1,
        "enum": null,
        "identity": false,
        "length": 5,
        "nullable": false,
        "type": "String",
        "typeRef": undefined,
        "typeRelationship": undefined,
        "typeSummary": Object {
          "count": 1,
          "length": Object {
            "max": 5,
            "mean": 5,
            "min": 5,
            "p25": 5,
            "p33": 5,
            "p50": 5,
            "p66": 5,
            "p75": 5,
            "p99": 5,
          },
        },
        "unique": true,
      },
      "location": Object {
        "count": 1,
        "enum": null,
        "identity": false,
        "nullable": false,
        "type": "Object",
        "typeRef": "EventResults._embedded.events._embedded.venues.location",
        "typeRelationship": "one-to-one",
        "typeSummary": Object {
          "count": 1,
        },
        "unique": false,
      },
      "markets": Object {
        "count": 1,
        "enum": null,
        "identity": false,
        "length": 1,
        "nullable": false,
        "type": "Array",
        "typeRef": "EventResults._embedded.events._embedded.venues.markets",
        "typeRelationship": "one-to-many",
        "typeSummary": Object {
          "count": 1,
          "length": Object {
            "max": 1,
            "mean": 1,
            "min": 1,
            "p25": 1,
            "p33": 1,
            "p50": 1,
            "p66": 1,
            "p75": 1,
            "p99": 1,
          },
        },
        "unique": false,
      },
      "name": Object {
        "count": 1,
        "enum": null,
        "identity": false,
        "length": 20,
        "nullable": false,
        "type": "String",
        "typeRef": undefined,
        "typeRelationship": undefined,
        "typeSummary": Object {
          "count": 1,
          "length": Object {
            "max": 20,
            "mean": 20,
            "min": 20,
            "p25": 20,
            "p33": 20,
            "p50": 20,
            "p66": 20,
            "p75": 20,
            "p99": 20,
          },
        },
        "unique": true,
      },
      "postalCode": Object {
        "count": 1,
        "enum": null,
        "identity": false,
        "nullable": false,
        "type": "Number",
        "typeRef": undefined,
        "typeRelationship": undefined,
        "typeSummary": Object {
          "count": 1,
          "value": Object {
            "max": 33178,
            "mean": 33178,
            "min": 33178,
            "p25": 33178,
            "p33": 33178,
            "p50": 33178,
            "p66": 33178,
            "p75": 33178,
            "p99": 33178,
          },
        },
        "unique": true,
      },
      "state": Object {
        "count": 1,
        "enum": null,
        "identity": false,
        "nullable": false,
        "type": "Object",
        "typeRef": "EventResults._embedded.events._embedded.venues.state",
        "typeRelationship": "one-to-one",
        "typeSummary": Object {
          "count": 1,
        },
        "unique": false,
      },
      "test": Object {
        "count": 1,
        "enum": null,
        "identity": false,
        "nullable": false,
        "type": "Boolean",
        "typeRef": undefined,
        "typeRelationship": undefined,
        "typeSummary": Object {
          "count": 1,
        },
        "unique": false,
      },
      "timezone": Object {
        "count": 1,
        "enum": null,
        "identity": false,
        "length": 16,
        "nullable": false,
        "type": "String",
        "typeRef": undefined,
        "typeRelationship": undefined,
        "typeSummary": Object {
          "count": 1,
          "length": Object {
            "max": 16,
            "mean": 16,
            "min": 16,
            "p25": 16,
            "p33": 16,
            "p50": 16,
            "p66": 16,
            "p75": 16,
            "p99": 16,
          },
        },
        "unique": true,
      },
      "type": Object {
        "count": 1,
        "enum": null,
        "identity": false,
        "length": 5,
        "nullable": false,
        "type": "String",
        "typeRef": undefined,
        "typeRelationship": undefined,
        "typeSummary": Object {
          "count": 1,
          "length": Object {
            "max": 5,
            "mean": 5,
            "min": 5,
            "p25": 5,
            "p33": 5,
            "p50": 5,
            "p66": 5,
            "p75": 5,
            "p99": 5,
          },
        },
        "unique": true,
      },
    },
    "nestedTypes": Object {},
    "schemaName": "EventResults._embedded.events._embedded.venues",
    "totalRows": 1,
  },
  "EventResults._embedded.events._embedded.venues.address": Object {
    "fields": Object {
      "line1": Object {
        "count": 1,
        "enum": null,
        "identity": false,
        "length": 19,
        "nullable": false,
        "type": "String",
        "typeRef": undefined,
        "typeRelationship": undefined,
        "typeSummary": Object {
          "count": 1,
          "length": Object {
            "max": 19,
            "mean": 19,
            "min": 19,
            "p25": 19,
            "p33": 19,
            "p50": 19,
            "p66": 19,
            "p75": 19,
            "p99": 19,
          },
        },
        "unique": true,
      },
    },
    "nestedTypes": Object {},
    "schemaName": "EventResults._embedded.events._embedded.venues.address",
    "totalRows": 1,
  },
  "EventResults._embedded.events._embedded.venues.city": Object {
    "fields": Object {
      "name": Object {
        "count": 1,
        "enum": null,
        "identity": false,
        "length": 5,
        "nullable": false,
        "type": "String",
        "typeRef": undefined,
        "typeRelationship": undefined,
        "typeSummary": Object {
          "count": 1,
          "length": Object {
            "max": 5,
            "mean": 5,
            "min": 5,
            "p25": 5,
            "p33": 5,
            "p50": 5,
            "p66": 5,
            "p75": 5,
            "p99": 5,
          },
        },
        "unique": true,
      },
    },
    "nestedTypes": Object {},
    "schemaName": "EventResults._embedded.events._embedded.venues.city",
    "totalRows": 1,
  },
  "EventResults._embedded.events._embedded.venues.country": Object {
    "fields": Object {
      "countryCode": Object {
        "count": 1,
        "enum": null,
        "identity": false,
        "length": 2,
        "nullable": false,
        "type": "String",
        "typeRef": undefined,
        "typeRelationship": undefined,
        "typeSummary": Object {
          "count": 1,
          "length": Object {
            "max": 2,
            "mean": 2,
            "min": 2,
            "p25": 2,
            "p33": 2,
            "p50": 2,
            "p66": 2,
            "p75": 2,
            "p99": 2,
          },
        },
        "unique": true,
      },
      "name": Object {
        "count": 1,
        "enum": null,
        "identity": false,
        "length": 24,
        "nullable": false,
        "type": "String",
        "typeRef": undefined,
        "typeRelationship": undefined,
        "typeSummary": Object {
          "count": 1,
          "length": Object {
            "max": 24,
            "mean": 24,
            "min": 24,
            "p25": 24,
            "p33": 24,
            "p50": 24,
            "p66": 24,
            "p75": 24,
            "p99": 24,
          },
        },
        "unique": true,
      },
    },
    "nestedTypes": Object {},
    "schemaName": "EventResults._embedded.events._embedded.venues.country",
    "totalRows": 1,
  },
  "EventResults._embedded.events._embedded.venues.location": Object {
    "fields": Object {
      "latitude": Object {
        "count": 1,
        "enum": null,
        "identity": false,
        "nullable": false,
        "precision": 10,
        "scale": 8,
        "type": "Float",
        "typeRef": undefined,
        "typeRelationship": undefined,
        "typeSummary": Object {
          "count": 1,
          "precision": Object {
            "max": 10,
            "mean": 10,
            "min": 10,
            "p25": 10,
            "p33": 10,
            "p50": 10,
            "p66": 10,
            "p75": 10,
            "p99": 10,
          },
          "scale": Object {
            "max": 8,
            "mean": 8,
            "min": 8,
            "p25": 8,
            "p33": 8,
            "p50": 8,
            "p66": 8,
            "p75": 8,
            "p99": 8,
          },
          "value": Object {
            "max": 25.81260379,
            "mean": 25.81260379,
            "min": 25.81260379,
            "p25": 25.81260379,
            "p33": 25.81260379,
            "p50": 25.81260379,
            "p66": 25.81260379,
            "p75": 25.81260379,
            "p99": 25.81260379,
          },
        },
        "unique": true,
      },
      "longitude": Object {
        "count": 1,
        "enum": null,
        "identity": false,
        "nullable": false,
        "precision": 11,
        "scale": 8,
        "type": "Float",
        "typeRef": undefined,
        "typeRelationship": undefined,
        "typeSummary": Object {
          "count": 1,
          "precision": Object {
            "max": 11,
            "mean": 11,
            "min": 11,
            "p25": 11,
            "p33": 11,
            "p50": 11,
            "p66": 11,
            "p75": 11,
            "p99": 11,
          },
          "scale": Object {
            "max": 8,
            "mean": 8,
            "min": 8,
            "p25": 8,
            "p33": 8,
            "p50": 8,
            "p66": 8,
            "p75": 8,
            "p99": 8,
          },
          "value": Object {
            "max": -80.33854298,
            "mean": -80.33854298,
            "min": -80.33854298,
            "p25": -80.33854298,
            "p33": -80.33854298,
            "p50": -80.33854298,
            "p66": -80.33854298,
            "p75": -80.33854298,
            "p99": -80.33854298,
          },
        },
        "unique": true,
      },
    },
    "nestedTypes": Object {},
    "schemaName": "EventResults._embedded.events._embedded.venues.location",
    "totalRows": 1,
  },
  "EventResults._embedded.events._embedded.venues.markets": Object {
    "fields": Object {
      "id": Object {
        "count": 1,
        "enum": null,
        "identity": true,
        "nullable": false,
        "type": "Number",
        "typeRef": undefined,
        "typeRelationship": undefined,
        "typeSummary": Object {
          "count": 1,
          "value": Object {
            "max": 15,
            "mean": 15,
            "min": 15,
            "p25": 15,
            "p33": 15,
            "p50": 15,
            "p66": 15,
            "p75": 15,
            "p99": 15,
          },
        },
        "unique": true,
      },
    },
    "nestedTypes": Object {},
    "schemaName": "EventResults._embedded.events._embedded.venues.markets",
    "totalRows": 1,
  },
  "EventResults._embedded.events._embedded.venues.state": Object {
    "fields": Object {
      "name": Object {
        "count": 1,
        "enum": null,
        "identity": false,
        "length": 7,
        "nullable": false,
        "type": "String",
        "typeRef": undefined,
        "typeRelationship": undefined,
        "typeSummary": Object {
          "count": 1,
          "length": Object {
            "max": 7,
            "mean": 7,
            "min": 7,
            "p25": 7,
            "p33": 7,
            "p50": 7,
            "p66": 7,
            "p75": 7,
            "p99": 7,
          },
        },
        "unique": true,
      },
      "stateCode": Object {
        "count": 1,
        "enum": null,
        "identity": false,
        "length": 2,
        "nullable": false,
        "type": "String",
        "typeRef": undefined,
        "typeRelationship": undefined,
        "typeSummary": Object {
          "count": 1,
          "length": Object {
            "max": 2,
            "mean": 2,
            "min": 2,
            "p25": 2,
            "p33": 2,
            "p50": 2,
            "p66": 2,
            "p75": 2,
            "p99": 2,
          },
        },
        "unique": true,
      },
    },
    "nestedTypes": Object {},
    "schemaName": "EventResults._embedded.events._embedded.venues.state",
    "totalRows": 1,
  },
  "EventResults._embedded.events._links": Object {
    "fields": Object {
      "attractions": Object {
        "count": 1,
        "enum": null,
        "identity": false,
        "length": 1,
        "nullable": false,
        "type": "Array",
        "typeRef": "href",
        "typeRelationship": "one-to-many",
        "typeSummary": Object {
          "count": 1,
          "length": Object {
            "max": 1,
            "mean": 1,
            "min": 1,
            "p25": 1,
            "p33": 1,
            "p50": 1,
            "p66": 1,
            "p75": 1,
            "p99": 1,
          },
        },
        "unique": false,
      },
      "self": Object {
        "count": 1,
        "enum": null,
        "identity": false,
        "nullable": false,
        "type": "Object",
        "typeRef": "href",
        "typeRelationship": "one-to-one",
        "typeSummary": Object {
          "count": 1,
        },
        "unique": false,
      },
      "venues": Object {
        "count": 1,
        "enum": null,
        "identity": false,
        "length": 1,
        "nullable": false,
        "type": "Array",
        "typeRef": "href",
        "typeRelationship": "one-to-many",
        "typeSummary": Object {
          "count": 1,
          "length": Object {
            "max": 1,
            "mean": 1,
            "min": 1,
            "p25": 1,
            "p33": 1,
            "p50": 1,
            "p66": 1,
            "p75": 1,
            "p99": 1,
          },
        },
        "unique": false,
      },
    },
    "nestedTypes": Object {},
    "schemaName": "EventResults._embedded.events._links",
    "totalRows": 1,
  },
  "EventResults._embedded.events.dates": Object {
    "fields": Object {
      "start": Object {
        "count": 1,
        "enum": null,
        "identity": false,
        "nullable": false,
        "type": "Object",
        "typeRef": "EventResults._embedded.events.dates.start",
        "typeRelationship": "one-to-one",
        "typeSummary": Object {
          "count": 1,
        },
        "unique": false,
      },
      "status": Object {
        "count": 1,
        "enum": null,
        "identity": false,
        "nullable": false,
        "type": "Object",
        "typeRef": "EventResults._embedded.events.dates.status",
        "typeRelationship": "one-to-one",
        "typeSummary": Object {
          "count": 1,
        },
        "unique": false,
      },
      "timezone": Object {
        "count": 1,
        "enum": null,
        "identity": false,
        "length": 16,
        "nullable": false,
        "type": "String",
        "typeRef": undefined,
        "typeRelationship": undefined,
        "typeSummary": Object {
          "count": 1,
          "length": Object {
            "max": 16,
            "mean": 16,
            "min": 16,
            "p25": 16,
            "p33": 16,
            "p50": 16,
            "p66": 16,
            "p75": 16,
            "p99": 16,
          },
        },
        "unique": true,
      },
    },
    "nestedTypes": Object {},
    "schemaName": "EventResults._embedded.events.dates",
    "totalRows": 1,
  },
  "EventResults._embedded.events.dates.start": Object {
    "fields": Object {
      "dateTBA": Object {
        "count": 1,
        "enum": null,
        "identity": false,
        "nullable": false,
        "type": "Boolean",
        "typeRef": undefined,
        "typeRelationship": undefined,
        "typeSummary": Object {
          "count": 1,
        },
        "unique": false,
      },
      "dateTBD": Object {
        "count": 1,
        "enum": null,
        "identity": false,
        "nullable": false,
        "type": "Boolean",
        "typeRef": undefined,
        "typeRelationship": undefined,
        "typeSummary": Object {
          "count": 1,
        },
        "unique": false,
      },
      "localDate": Object {
        "count": 1,
        "enum": null,
        "identity": false,
        "nullable": false,
        "type": "Date",
        "typeRef": undefined,
        "typeRelationship": undefined,
        "typeSummary": Object {
          "count": 1,
          "value": Object {
            "max": "2016-03-06T00:00:00.000Z",
            "mean": "2016-03-06T00:00:00.000Z",
            "min": "2016-03-06T00:00:00.000Z",
            "p25": "2016-03-06T00:00:00.000Z",
            "p33": "2016-03-06T00:00:00.000Z",
            "p50": "2016-03-06T00:00:00.000Z",
            "p66": "2016-03-06T00:00:00.000Z",
            "p75": "2016-03-06T00:00:00.000Z",
            "p99": "2016-03-06T00:00:00.000Z",
          },
        },
        "unique": true,
      },
      "noSpecificTime": Object {
        "count": 1,
        "enum": null,
        "identity": false,
        "nullable": false,
        "type": "Boolean",
        "typeRef": undefined,
        "typeRelationship": undefined,
        "typeSummary": Object {
          "count": 1,
        },
        "unique": false,
      },
      "timeTBA": Object {
        "count": 1,
        "enum": null,
        "identity": false,
        "nullable": false,
        "type": "Boolean",
        "typeRef": undefined,
        "typeRelationship": undefined,
        "typeSummary": Object {
          "count": 1,
        },
        "unique": false,
      },
    },
    "nestedTypes": Object {},
    "schemaName": "EventResults._embedded.events.dates.start",
    "totalRows": 1,
  },
  "EventResults._embedded.events.dates.status": Object {
    "fields": Object {
      "code": Object {
        "count": 1,
        "enum": null,
        "identity": false,
        "length": 7,
        "nullable": false,
        "type": "String",
        "typeRef": undefined,
        "typeRelationship": undefined,
        "typeSummary": Object {
          "count": 1,
          "length": Object {
            "max": 7,
            "mean": 7,
            "min": 7,
            "p25": 7,
            "p33": 7,
            "p50": 7,
            "p66": 7,
            "p75": 7,
            "p99": 7,
          },
        },
        "unique": true,
      },
    },
    "nestedTypes": Object {},
    "schemaName": "EventResults._embedded.events.dates.status",
    "totalRows": 1,
  },
  "EventResults._embedded.events.promoter": Object {
    "fields": Object {
      "id": Object {
        "count": 1,
        "enum": null,
        "identity": true,
        "nullable": false,
        "type": "Number",
        "typeRef": undefined,
        "typeRelationship": undefined,
        "typeSummary": Object {
          "count": 1,
          "value": Object {
            "max": 682,
            "mean": 682,
            "min": 682,
            "p25": 682,
            "p33": 682,
            "p50": 682,
            "p66": 682,
            "p75": 682,
            "p99": 682,
          },
        },
        "unique": true,
      },
    },
    "nestedTypes": Object {},
    "schemaName": "EventResults._embedded.events.promoter",
    "totalRows": 1,
  },
  "EventResults._embedded.events.sales": Object {
    "fields": Object {
      "public": Object {
        "count": 1,
        "enum": null,
        "identity": false,
        "nullable": false,
        "type": "Object",
        "typeRef": "EventResults._embedded.events.sales.public",
        "typeRelationship": "one-to-one",
        "typeSummary": Object {
          "count": 1,
        },
        "unique": false,
      },
    },
    "nestedTypes": Object {},
    "schemaName": "EventResults._embedded.events.sales",
    "totalRows": 1,
  },
  "EventResults._embedded.events.sales.public": Object {
    "fields": Object {
      "endDateTime": Object {
        "count": 1,
        "enum": null,
        "identity": false,
        "nullable": false,
        "type": "Date",
        "typeRef": undefined,
        "typeRelationship": undefined,
        "typeSummary": Object {
          "count": 1,
          "value": Object {
            "max": "2016-03-06T23:00:00.000Z",
            "mean": "2016-03-06T23:00:00.000Z",
            "min": "2016-03-06T23:00:00.000Z",
            "p25": "2016-03-06T23:00:00.000Z",
            "p33": "2016-03-06T23:00:00.000Z",
            "p50": "2016-03-06T23:00:00.000Z",
            "p66": "2016-03-06T23:00:00.000Z",
            "p75": "2016-03-06T23:00:00.000Z",
            "p99": "2016-03-06T23:00:00.000Z",
          },
        },
        "unique": true,
      },
      "startDateTime": Object {
        "count": 1,
        "enum": null,
        "identity": false,
        "nullable": false,
        "type": "Date",
        "typeRef": undefined,
        "typeRelationship": undefined,
        "typeSummary": Object {
          "count": 1,
          "value": Object {
            "max": "2015-10-02T11:00:00.000Z",
            "mean": "2015-10-02T11:00:00.000Z",
            "min": "2015-10-02T11:00:00.000Z",
            "p25": "2015-10-02T11:00:00.000Z",
            "p33": "2015-10-02T11:00:00.000Z",
            "p50": "2015-10-02T11:00:00.000Z",
            "p66": "2015-10-02T11:00:00.000Z",
            "p75": "2015-10-02T11:00:00.000Z",
            "p99": "2015-10-02T11:00:00.000Z",
          },
        },
        "unique": true,
      },
      "startTBD": Object {
        "count": 1,
        "enum": null,
        "identity": false,
        "nullable": false,
        "type": "Boolean",
        "typeRef": undefined,
        "typeRelationship": undefined,
        "typeSummary": Object {
          "count": 1,
        },
        "unique": false,
      },
    },
    "nestedTypes": Object {},
    "schemaName": "EventResults._embedded.events.sales.public",
    "totalRows": 1,
  },
  "EventResults._links": Object {
    "fields": Object {
      "next": Object {
        "count": 1,
        "enum": null,
        "identity": false,
        "nullable": false,
        "type": "Object",
        "typeRef": "href.templated",
        "typeRelationship": "one-to-one",
        "typeSummary": Object {
          "count": 1,
        },
        "unique": false,
      },
      "self": Object {
        "count": 1,
        "enum": null,
        "identity": false,
        "nullable": false,
        "type": "Object",
        "typeRef": "href.templated",
        "typeRelationship": "one-to-one",
        "typeSummary": Object {
          "count": 1,
        },
        "unique": false,
      },
    },
    "nestedTypes": Object {},
    "schemaName": "EventResults._links",
    "totalRows": 1,
  },
  "EventResults.page": Object {
    "fields": Object {
      "number": Object {
        "count": 1,
        "enum": null,
        "identity": false,
        "nullable": false,
        "type": "Number",
        "typeRef": undefined,
        "typeRelationship": undefined,
        "typeSummary": Object {
          "count": 1,
          "value": undefined,
        },
        "unique": true,
      },
      "size": Object {
        "count": 1,
        "enum": null,
        "identity": false,
        "nullable": false,
        "type": "Number",
        "typeRef": undefined,
        "typeRelationship": undefined,
        "typeSummary": Object {
          "count": 1,
          "value": Object {
            "max": 1,
            "mean": 1,
            "min": 1,
            "p25": 1,
            "p33": 1,
            "p50": 1,
            "p66": 1,
            "p75": 1,
            "p99": 1,
          },
        },
        "unique": true,
      },
      "totalElements": Object {
        "count": 1,
        "enum": null,
        "identity": false,
        "nullable": false,
        "type": "Number",
        "typeRef": undefined,
        "typeRelationship": undefined,
        "typeSummary": Object {
          "count": 1,
          "value": Object {
            "max": 87958,
            "mean": 87958,
            "min": 87958,
            "p25": 87958,
            "p33": 87958,
            "p50": 87958,
            "p66": 87958,
            "p75": 87958,
            "p99": 87958,
          },
        },
        "unique": true,
      },
      "totalPages": Object {
        "count": 1,
        "enum": null,
        "identity": false,
        "nullable": false,
        "type": "Number",
        "typeRef": undefined,
        "typeRelationship": undefined,
        "typeSummary": Object {
          "count": 1,
          "value": Object {
            "max": 87958,
            "mean": 87958,
            "min": 87958,
            "p25": 87958,
            "p33": 87958,
            "p50": 87958,
            "p66": 87958,
            "p75": 87958,
            "p99": 87958,
          },
        },
        "unique": true,
      },
    },
    "nestedTypes": Object {},
    "schemaName": "EventResults.page",
    "totalRows": 1,
  },
  "_links": Object {
    "fields": Object {
      "self": Object {
        "count": 1,
        "enum": null,
        "identity": false,
        "nullable": false,
        "type": "Object",
        "typeRef": "href",
        "typeRelationship": "one-to-one",
        "typeSummary": Object {
          "count": 1,
        },
        "unique": false,
      },
    },
    "nestedTypes": Object {},
    "schemaName": "EventResults._embedded.events._embedded.venues._links",
    "totalRows": 1,
  },
  "classifications": Object {
    "fields": Object {
      "genre": Object {
        "count": 1,
        "enum": null,
        "identity": false,
        "nullable": false,
        "type": "Object",
        "typeRef": "id.name",
        "typeRelationship": "one-to-one",
        "typeSummary": Object {
          "count": 1,
        },
        "unique": false,
      },
      "primary": Object {
        "count": 1,
        "enum": null,
        "identity": false,
        "nullable": false,
        "type": "Boolean",
        "typeRef": undefined,
        "typeRelationship": undefined,
        "typeSummary": Object {
          "count": 1,
        },
        "unique": false,
      },
      "segment": Object {
        "count": 1,
        "enum": null,
        "identity": false,
        "nullable": false,
        "type": "Object",
        "typeRef": "id.name",
        "typeRelationship": "one-to-one",
        "typeSummary": Object {
          "count": 1,
        },
        "unique": false,
      },
      "subGenre": Object {
        "count": 1,
        "enum": null,
        "identity": false,
        "nullable": false,
        "type": "Object",
        "typeRef": "id.name",
        "typeRelationship": "one-to-one",
        "typeSummary": Object {
          "count": 1,
        },
        "unique": false,
      },
    },
    "nestedTypes": Object {},
    "schemaName": "EventResults._embedded.events.classifications",
    "totalRows": 1,
  },
  "href": Object {
    "fields": Object {
      "href": Object {
        "count": 1,
        "enum": null,
        "identity": false,
        "length": 48,
        "nullable": false,
        "type": "String",
        "typeRef": undefined,
        "typeRelationship": undefined,
        "typeSummary": Object {
          "count": 1,
          "length": Object {
            "max": 48,
            "mean": 48,
            "min": 48,
            "p25": 48,
            "p33": 48,
            "p50": 48,
            "p66": 48,
            "p75": 48,
            "p99": 48,
          },
        },
        "unique": true,
      },
    },
    "nestedTypes": Object {},
    "schemaName": "EventResults._embedded.events._links.self",
    "totalRows": 1,
  },
  "href.templated": Object {
    "fields": Object {
      "href": Object {
        "count": 1,
        "enum": null,
        "identity": false,
        "length": 44,
        "nullable": false,
        "type": "String",
        "typeRef": undefined,
        "typeRelationship": undefined,
        "typeSummary": Object {
          "count": 1,
          "length": Object {
            "max": 44,
            "mean": 44,
            "min": 44,
            "p25": 44,
            "p33": 44,
            "p50": 44,
            "p66": 44,
            "p75": 44,
            "p99": 44,
          },
        },
        "unique": true,
      },
      "templated": Object {
        "count": 1,
        "enum": null,
        "identity": false,
        "nullable": false,
        "type": "Boolean",
        "typeRef": undefined,
        "typeRelationship": undefined,
        "typeSummary": Object {
          "count": 1,
        },
        "unique": false,
      },
    },
    "nestedTypes": Object {},
    "schemaName": "EventResults._links.self",
    "totalRows": 1,
  },
  "id.name": Object {
    "fields": Object {
      "id": Object {
        "count": 1,
        "enum": null,
        "identity": false,
        "length": 18,
        "nullable": false,
        "type": "String",
        "typeRef": undefined,
        "typeRelationship": undefined,
        "typeSummary": Object {
          "count": 1,
          "length": Object {
            "max": 18,
            "mean": 18,
            "min": 18,
            "p25": 18,
            "p33": 18,
            "p50": 18,
            "p66": 18,
            "p75": 18,
            "p99": 18,
          },
        },
        "unique": true,
      },
      "name": Object {
        "count": 1,
        "enum": null,
        "identity": false,
        "length": 6,
        "nullable": false,
        "type": "String",
        "typeRef": undefined,
        "typeRelationship": undefined,
        "typeSummary": Object {
          "count": 1,
          "length": Object {
            "max": 6,
            "mean": 6,
            "min": 6,
            "p25": 6,
            "p33": 6,
            "p50": 6,
            "p66": 6,
            "p75": 6,
            "p99": 6,
          },
        },
        "unique": true,
      },
    },
    "nestedTypes": Object {},
    "schemaName": "EventResults._embedded.events.classifications.segment",
    "totalRows": 1,
  },
  "images": Object {
    "fields": Object {
      "fallback": Object {
        "count": 10,
        "enum": null,
        "identity": false,
        "nullable": false,
        "type": "Boolean",
        "typeRef": undefined,
        "typeRelationship": undefined,
        "typeSummary": Object {
          "count": 10,
        },
        "unique": false,
      },
      "height": Object {
        "count": 10,
        "enum": null,
        "identity": false,
        "nullable": false,
        "type": "Number",
        "typeRef": undefined,
        "typeRelationship": undefined,
        "typeSummary": Object {
          "count": 10,
          "value": Object {
            "max": 1152,
            "mean": 443.6,
            "min": 56,
            "p25": 1152,
            "p33": 576,
            "p50": 203,
            "p66": 360,
            "p75": 225,
            "p99": 683,
          },
        },
        "unique": true,
      },
      "ratio": Object {
        "count": 10,
        "enum": null,
        "identity": false,
        "length": 4,
        "nullable": false,
        "type": "String",
        "typeRef": undefined,
        "typeRelationship": undefined,
        "typeSummary": Object {
          "count": 10,
          "length": Object {
            "max": 4,
            "mean": 3.6,
            "min": 3,
            "p25": 3,
            "p33": 3,
            "p50": 4,
            "p66": 4,
            "p75": 4,
            "p99": 4,
          },
        },
        "unique": false,
      },
      "url": Object {
        "count": 10,
        "enum": null,
        "identity": false,
        "length": 106,
        "nullable": false,
        "type": "String",
        "typeRef": undefined,
        "typeRelationship": undefined,
        "typeSummary": Object {
          "count": 10,
          "length": Object {
            "max": 106,
            "mean": 97.9,
            "min": 85,
            "p25": 97,
            "p33": 98,
            "p50": 99,
            "p66": 100,
            "p75": 100,
            "p99": 106,
          },
        },
        "unique": true,
      },
      "width": Object {
        "count": 10,
        "enum": null,
        "identity": false,
        "nullable": false,
        "type": "Number",
        "typeRef": undefined,
        "typeRelationship": undefined,
        "typeSummary": Object {
          "count": 10,
          "value": Object {
            "max": 2048,
            "mean": 742.7,
            "min": 100,
            "p25": 2048,
            "p33": 1024,
            "p50": 305,
            "p66": 640,
            "p75": 305,
            "p99": 1024,
          },
        },
        "unique": false,
      },
    },
    "nestedTypes": Object {},
    "schemaName": "EventResults._embedded.events.images",
    "totalRows": 10,
  },
}
`;
